// Jest Snapshot v1, https://goo.gl/fbAQLP

exports[`CounterScreen snapshot 1`] = `
<Component
  style={
    Object {
      "alignItems": "center",
      "flex": 1,
      "justifyContent": "center",
    }
  }
>
  <Component
    style={
      Object {
        "margin": 10,
      }
    }
  >
    <Component>
      Counter value: 
      10
    </Component>
  </Component>
  <Component
    style={
      Object {
        "margin": 10,
      }
    }
  >
    <Button
      onPress={[Function]}
      testID="incrementButton"
      title=" +1 "
    />
  </Component>
  <Component
    style={
      Object {
        "margin": 10,
      }
    }
  >
    <Button
      onPress={[Function]}
      testID="backButton"
      title=" Back "
    />
  </Component>
</Component>
`;
